// Jest Snapshot v1, https://goo.gl/fbAQLP

exports[`List Component renders the UI as expected 1`] = `
<section
  className="List"
>
  <header
    className="List-cards"
  >
    <h2>
      test header
    </h2>
  </header>
  <div
    className="List-cards"
  >
     
  </div>
</section>
`;
